// Jest Snapshot v1, https://goo.gl/fbAQLP

exports[`Button render button 1`] = `<button />`;
