// Jest Snapshot v1, https://goo.gl/fbAQLP

exports[`Cart render cart 1`] = `
<div
  className="row-cart"
>
  Order price:
  <span
    className="amount"
  >
    Â¥ 1,000
  </span>
  <button>
    Cart
  </button>
</div>
`;
