// Jest Snapshot v1, https://goo.gl/fbAQLP

exports[`Spinner render spinner 1`] = `
<div
  className="spinner"
/>
`;
